[debug] [2026-09-21T20:20:15.137Z] ----------------------------------------------------------------------
[debug] [2026-09-21T20:20:15.142Z] Command:       C:\Program Files\nodejs\node.exe C:\Users\webdu\AppData\Local\npm-cache\_npx\ba4f1959e38407b5\node_modules\firebase-tools\lib\bin\firebase.js init dataconnect --project webdude-355912
[debug] [2026-09-21T20:20:15.143Z] CLI Version:   15.30.2
[debug] [2026-09-21T20:20:15.143Z] Platform:      win32
[debug] [2026-09-21T20:20:15.143Z] Node Version:  v24.14.1
[debug] [2026-09-21T20:20:15.143Z] Detected Agent: unknown
[debug] [2026-09-21T20:20:15.144Z] Time:          Mon Sep 21 2026 22:20:15 GMT+0200 (közép-európai nyári idő)
[debug] [2026-09-21T20:20:15.144Z] ----------------------------------------------------------------------
[debug] 
[info] 
     ######## #### ########  ######## ########     ###     ######  ########
     ##        ##  ##     ## ##       ##     ##  ##   ##  ##       ##
     ######    ##  ########  ######   ########  #########  ######  ######
     ##        ##  ##    ##  ##       ##     ## ##     ##       ## ##
     ##       #### ##     ## ######## ########  ##     ##  ######  ########

You're about to initialize a Firebase project in this directory:

  C:\CLI-PROJECTS\webdude-hu

Before we get started, keep in mind:

  * You are currently outside your home directory
  * You are initializing within an existing Firebase project directory

[info] 
=== Project Setup
[info] 
[info] First, let's associate this project directory with a Firebase project.
[info] You can create multiple project aliases by running firebase use --add, 
[info] 
[debug] [2026-09-21T20:21:29.422Z] > command requires scopes: ["email","openid","https://www.googleapis.com/auth/cloudplatformprojects.readonly","https://www.googleapis.com/auth/firebase","https://www.googleapis.com/auth/cloud-platform"]
[debug] [2026-09-21T20:21:29.423Z] > authorizing via signed-in user (sundokanos@gmail.com)
[debug] [2026-09-21T20:21:29.454Z] Checked if tokens are valid: true, expires at: 1790025543357
[debug] [2026-09-21T20:21:29.454Z] Checked if tokens are valid: true, expires at: 1790025543357
[debug] [2026-09-21T20:21:29.458Z] >>> [apiv2][query] GET https://firebase.googleapis.com/v1beta1/projects/webdude-355912 [none]
[debug] [2026-09-21T20:21:29.921Z] <<< [apiv2][status] GET https://firebase.googleapis.com/v1beta1/projects/webdude-355912 200
[debug] [2026-09-21T20:21:29.921Z] <<< [apiv2][body] GET https://firebase.googleapis.com/v1beta1/projects/webdude-355912 {"projectId":"webdude-355912","projectNumber":"492950939688","displayName":"WebDude","name":"projects/webdude-355912","resources":{"hostingSite":"webdude-355912"},"state":"ACTIVE","labels":{"firebase":"enabled"},"etag":"1_e7f8b22f-e57f-4c35-91ae-acda5af89463"}
[info] i  Using project webdude-355912 (WebDude) . 
[info] 
=== Dataconnect Setup
[info] i  dataconnect: ensuring required API firebasedataconnect.googleapis.com is enabled... 
[debug] [2026-09-21T20:21:29.950Z] Checked if tokens are valid: true, expires at: 1790025543357
[debug] [2026-09-21T20:21:29.950Z] Checked if tokens are valid: true, expires at: 1790025543357
[info] i  dataconnect: ensuring required API sqladmin.googleapis.com is enabled... 
[debug] [2026-09-21T20:21:29.952Z] Checked if tokens are valid: true, expires at: 1790025543357
[debug] [2026-09-21T20:21:29.952Z] Checked if tokens are valid: true, expires at: 1790025543357
[debug] [2026-09-21T20:21:29.952Z] >>> [apiv2][query] GET https://serviceusage.googleapis.com/v1/projects/webdude-355912/services/firebasedataconnect.googleapis.com [none]
[debug] [2026-09-21T20:21:29.952Z] >>> [apiv2][(partial)header] GET https://serviceusage.googleapis.com/v1/projects/webdude-355912/services/firebasedataconnect.googleapis.com  x-goog-user-project=webdude-355912
[debug] [2026-09-21T20:21:29.953Z] >>> [apiv2][query] GET https://serviceusage.googleapis.com/v1/projects/webdude-355912/services/sqladmin.googleapis.com [none]
[debug] [2026-09-21T20:21:29.953Z] >>> [apiv2][(partial)header] GET https://serviceusage.googleapis.com/v1/projects/webdude-355912/services/sqladmin.googleapis.com  x-goog-user-project=webdude-355912
[debug] [2026-09-21T20:21:31.450Z] <<< [apiv2][status] GET https://serviceusage.googleapis.com/v1/projects/webdude-355912/services/sqladmin.googleapis.com 200
[debug] [2026-09-21T20:21:31.450Z] <<< [apiv2][body] GET https://serviceusage.googleapis.com/v1/projects/webdude-355912/services/sqladmin.googleapis.com [omitted]
[warn] !  dataconnect: missing required API sqladmin.googleapis.com. Enabling now... 
[debug] [2026-09-21T20:21:31.451Z] Checked if tokens are valid: true, expires at: 1790025543357
[debug] [2026-09-21T20:21:31.452Z] Checked if tokens are valid: true, expires at: 1790025543357
[debug] [2026-09-21T20:21:31.452Z] >>> [apiv2][query] POST https://serviceusage.googleapis.com/v1/projects/webdude-355912/services/sqladmin.googleapis.com:enable [none]
[debug] [2026-09-21T20:21:31.452Z] >>> [apiv2][(partial)header] POST https://serviceusage.googleapis.com/v1/projects/webdude-355912/services/sqladmin.googleapis.com:enable  x-goog-user-project=webdude-355912
[debug] [2026-09-21T20:21:31.455Z] <<< [apiv2][status] GET https://serviceusage.googleapis.com/v1/projects/webdude-355912/services/firebasedataconnect.googleapis.com 200
[debug] [2026-09-21T20:21:31.456Z] <<< [apiv2][body] GET https://serviceusage.googleapis.com/v1/projects/webdude-355912/services/firebasedataconnect.googleapis.com [omitted]
[warn] !  dataconnect: missing required API firebasedataconnect.googleapis.com. Enabling now... 
[debug] [2026-09-21T20:21:31.457Z] Checked if tokens are valid: true, expires at: 1790025543357
[debug] [2026-09-21T20:21:31.457Z] Checked if tokens are valid: true, expires at: 1790025543357
[debug] [2026-09-21T20:21:31.460Z] >>> [apiv2][query] POST https://serviceusage.googleapis.com/v1/projects/webdude-355912/services/firebasedataconnect.googleapis.com:enable [none]
[debug] [2026-09-21T20:21:31.461Z] >>> [apiv2][(partial)header] POST https://serviceusage.googleapis.com/v1/projects/webdude-355912/services/firebasedataconnect.googleapis.com:enable  x-goog-user-project=webdude-355912
[debug] [2026-09-21T20:21:32.908Z] <<< [apiv2][status] POST https://serviceusage.googleapis.com/v1/projects/webdude-355912/services/firebasedataconnect.googleapis.com:enable 200
[debug] [2026-09-21T20:21:32.908Z] <<< [apiv2][body] POST https://serviceusage.googleapis.com/v1/projects/webdude-355912/services/firebasedataconnect.googleapis.com:enable [omitted]
[debug] [2026-09-21T20:21:33.039Z] <<< [apiv2][status] POST https://serviceusage.googleapis.com/v1/projects/webdude-355912/services/sqladmin.googleapis.com:enable 200
[debug] [2026-09-21T20:21:33.040Z] <<< [apiv2][body] POST https://serviceusage.googleapis.com/v1/projects/webdude-355912/services/sqladmin.googleapis.com:enable [omitted]
[debug] [2026-09-21T20:21:43.055Z] Checked if tokens are valid: true, expires at: 1790025543357
[debug] [2026-09-21T20:21:43.056Z] Checked if tokens are valid: true, expires at: 1790025543357
[debug] [2026-09-21T20:21:43.056Z] >>> [apiv2][query] GET https://firebasedataconnect.googleapis.com/v1/projects/webdude-355912/locations/-/services [none]
[debug] [2026-09-21T20:21:44.445Z] <<< [apiv2][status] GET https://firebasedataconnect.googleapis.com/v1/projects/webdude-355912/locations/-/services 200
[debug] [2026-09-21T20:21:44.446Z] <<< [apiv2][body] GET https://firebasedataconnect.googleapis.com/v1/projects/webdude-355912/locations/-/services {}
